// Jest Snapshot v1, https://goo.gl/fbAQLP

exports[`<Button> renders correctly 1`] = `
.c0 {
  color: #FAFAFA;
  font-size: 0.6875rem;
  font-weight: 600;
  text-transform: uppercase;
  -webkit-letter-spacing: 1px;
  -moz-letter-spacing: 1px;
  -ms-letter-spacing: 1px;
  letter-spacing: 1px;
  background-color: #1B74B5;
  border-color: #1B74B5;
  border-radius: 4px;
  height: 2.25rem;
  padding: 0 0.75rem;
  position: relative;
  display: -webkit-inline-box;
  display: -webkit-inline-flex;
  display: -ms-inline-flexbox;
  display: inline-flex;
  -webkit-align-items: center;
  -webkit-box-align: center;
  -ms-flex-align: center;
  align-items: center;
  -webkit-box-pack: center;
  -webkit-justify-content: center;
  -ms-flex-pack: center;
  justify-content: center;
  width: auto;
  text-align: center;
  white-space: nowrap;
  cursor: pointer;
  outline: none;
  border-width: 1px;
  border-style: solid;
  -webkit-appearance: none;
  -moz-appearance: none;
  appearance: none;
  overflow: hidden;
  -webkit-transition: 300ms ease;
  transition: 300ms ease;
}

.c0:hover {
  box-shadow: 1px 2px 4px 0 rgba(0,0,0,0.05);
}

.c0:focus {
  box-shadow: 1px 2px 4px 0 rgba(0,0,0,0.05);
}

.c0 > *:last-child {
  margin-left: 0.625rem;
}

.c0::before {
  background: rgba(250,250,250,0.05);
}

.c0:active {
  -webkit-transform: translateY(2px);
  -ms-transform: translateY(2px);
  transform: translateY(2px);
}

.c0:hover,
.c0:focus {
  background-color: #208DDB;
  border-color: #208DDB;
}

.c0[disabled] {
  color: #828282;
  font-size: 0.6875rem;
  font-weight: 600;
  text-transform: uppercase;
  -webkit-letter-spacing: 1px;
  -moz-letter-spacing: 1px;
  -ms-letter-spacing: 1px;
  letter-spacing: 1px;
  background-color: #CCCCCC;
  border-color: #CCCCCC;
  border-radius: 4px;
  pointer-events: none;
}

.c0[disabled]:hover {
  box-shadow: 1px 2px 4px 0 rgba(0,0,0,0.05);
}

.c0[disabled]:focus {
  box-shadow: 1px 2px 4px 0 rgba(0,0,0,0.05);
}

<button
  className="c0"
  size="auto"
>
  Test button
</button>
`;
